// Vitest Snapshot v1, https://vitest.dev/guide/snapshot.html

exports[`<PageNotFound /> > should render the text correctly 1`] = `NodeList []`;
